
> multimodel-ai-chat@1.0.0 build
> tsc -b && vite build

[36mvite v6.4.2 [32mbuilding for production...[36m[39m
transforming...
[32m✓[39m 3066 modules transformed.
rendering chunks...
computing gzip size...
[2mdist/[22m[32mindex.html                                       [39m[1m[2m    1.00 kB[22m[1m[22m[2m │ gzip:   0.54 kB[22m
[2mdist/[22m[35massets/index-kzVd_PGO.css                        [39m[1m[2m   69.24 kB[22m[1m[22m[2m │ gzip:  10.62 kB[22m
[2mdist/[22m[36massets/clone-B1HBmEC7.js                         [39m[1m[2m    0.09 kB[22m[1m[22m[2m │ gzip:   0.11 kB[22m
[2mdist/[22m[36massets/channel-1VO3DVI1.js                       [39m[1m[2m    0.12 kB[22m[1m[22m[2m │ gzip:   0.13 kB[22m
[2mdist/[22m[36massets/init-Gi6I4Gst.js                          [39m[1m[2m    0.15 kB[22m[1m[22m[2m │ gzip:   0.13 kB[22m
[2mdist/[22m[36massets/chunk-QZHKN3VN-cZIbsyoy.js                [39m[1m[2m    0.19 kB[22m[1m[22m[2m │ gzip:   0.16 kB[22m
[2mdist/[22m[36massets/chunk-4BX2VUAB-CYa8RYfz.js                [39m[1m[2m    0.23 kB[22m[1m[22m[2m │ gzip:   0.17 kB[22m
[2mdist/[22m[36massets/chunk-55IACEB6-D_j-MjSL.js                [39m[1m[2m    0.24 kB[22m[1m[22m[2m │ gzip:   0.21 kB[22m
[2mdist/[22m[36massets/chunk-FMBD7UC4-q9skR0bU.js                [39m[1m[2m    0.37 kB[22m[1m[22m[2m │ gzip:   0.27 kB[22m
[2mdist/[22m[36massets/stateDiagram-v2-QKLJ7IA2-Zy0BZmHM.js      [39m[1m[2m    0.39 kB[22m[1m[22m[2m │ gzip:   0.29 kB[22m
[2mdist/[22m[36massets/classDiagram-6PBFFD2Q-B6a7LhGe.js         [39m[1m[2m    0.47 kB[22m[1m[22m[2m │ gzip:   0.32 kB[22m
[2mdist/[22m[36massets/classDiagram-v2-HSJHXN6E-B6a7LhGe.js      [39m[1m[2m    0.47 kB[22m[1m[22m[2m │ gzip:   0.32 kB[22m
[2mdist/[22m[36massets/chunk-EDXVE4YY-LKoJfRqa.js                [39m[1m[2m    0.51 kB[22m[1m[22m[2m │ gzip:   0.36 kB[22m
[2mdist/[22m[36massets/min-B1ZL8hcN.js                           [39m[1m[2m    0.59 kB[22m[1m[22m[2m │ gzip:   0.37 kB[22m
[2mdist/[22m[36massets/jsonExport-QLTKHT_I.js                    [39m[1m[2m    0.60 kB[22m[1m[22m[2m │ gzip:   0.39 kB[22m
[2mdist/[22m[36massets/infoDiagram-42DDH7IO-BbGC-v1M.js          [39m[1m[2m    0.64 kB[22m[1m[22m[2m │ gzip:   0.43 kB[22m
[2mdist/[22m[36massets/ordinal-Cboi1Yqb.js                       [39m[1m[2m    1.19 kB[22m[1m[22m[2m │ gzip:   0.57 kB[22m
[2mdist/[22m[36massets/markdownExport-7lgs6jSr.js                [39m[1m[2m    1.79 kB[22m[1m[22m[2m │ gzip:   0.81 kB[22m
[2mdist/[22m[36massets/chunk-YZCP3GAM-B74ocruY.js                [39m[1m[2m    1.88 kB[22m[1m[22m[2m │ gzip:   0.83 kB[22m
[2mdist/[22m[36massets/diagram-5BDNPKRD-D2ulNcvZ.js              [39m[1m[2m    2.81 kB[22m[1m[22m[2m │ gzip:   1.39 kB[22m
[2mdist/[22m[36massets/arc-CuXSUMGW.js                           [39m[1m[2m    3.44 kB[22m[1m[22m[2m │ gzip:   1.48 kB[22m
[2mdist/[22m[36massets/diagram-TYMM5635-BWM2Cj-7.js              [39m[1m[2m    4.28 kB[22m[1m[22m[2m │ gzip:   1.87 kB[22m
[2mdist/[22m[36massets/defaultLocale-DX6XiGOO.js                 [39m[1m[2m    4.69 kB[22m[1m[22m[2m │ gzip:   2.18 kB[22m
[2mdist/[22m[36massets/pieDiagram-DEJITSTG-B4QWJrHa.js           [39m[1m[2m    5.33 kB[22m[1m[22m[2m │ gzip:   2.37 kB[22m
[2mdist/[22m[36massets/linear-B61ZloGe.js                        [39m[1m[2m    5.66 kB[22m[1m[22m[2m │ gzip:   2.31 kB[22m
[2mdist/[22m[36massets/diagram-MMDJMWI5-CasS65i2.js              [39m[1m[2m    5.87 kB[22m[1m[22m[2m │ gzip:   2.49 kB[22m
[2mdist/[22m[36massets/_baseUniq-3Tl8VxtP.js                     [39m[1m[2m    8.48 kB[22m[1m[22m[2m │ gzip:   3.53 kB[22m
[2mdist/[22m[36massets/graph-CQ5YJwrr.js                         [39m[1m[2m    9.37 kB[22m[1m[22m[2m │ gzip:   3.21 kB[22m
[2mdist/[22m[36massets/stateDiagram-FHFEXIEX-BNw8LiRx.js         [39m[1m[2m   10.42 kB[22m[1m[22m[2m │ gzip:   3.65 kB[22m
[2mdist/[22m[36massets/dagre-KV5264BT-FNqi-C23.js                [39m[1m[2m   10.99 kB[22m[1m[22m[2m │ gzip:   4.10 kB[22m
[2mdist/[22m[36massets/diagram-G4DWMVQ6-BC8uiDS_.js              [39m[1m[2m   15.88 kB[22m[1m[22m[2m │ gzip:   5.69 kB[22m
[2mdist/[22m[36massets/ishikawaDiagram-UXIWVN3A-B2VHTR93.js      [39m[1m[2m   17.49 kB[22m[1m[22m[2m │ gzip:   6.65 kB[22m
[2mdist/[22m[36massets/kanban-definition-6JOO6SKY-CJS54xmY.js    [39m[1m[2m   20.29 kB[22m[1m[22m[2m │ gzip:   7.20 kB[22m
[2mdist/[22m[36massets/sankeyDiagram-XADWPNL6-lFShvsT7.js        [39m[1m[2m   22.11 kB[22m[1m[22m[2m │ gzip:   8.14 kB[22m
[2mdist/[22m[36massets/mindmap-definition-QFDTVHPH-BO5FSxBq.js   [39m[1m[2m   23.45 kB[22m[1m[22m[2m │ gzip:   7.93 kB[22m
[2mdist/[22m[36massets/journeyDiagram-VCZTEJTY-RpYsdXli.js       [39m[1m[2m   23.57 kB[22m[1m[22m[2m │ gzip:   8.35 kB[22m
[2mdist/[22m[36massets/wardleyDiagram-NUSXRM2D-DSsMWhTA.js       [39m[1m[2m   24.27 kB[22m[1m[22m[2m │ gzip:   6.59 kB[22m
[2mdist/[22m[36massets/erDiagram-SMLLAGMA-C_3bKTb1.js            [39m[1m[2m   26.86 kB[22m[1m[22m[2m │ gzip:   9.34 kB[22m
[2mdist/[22m[36massets/layout-BN-CAKwZ.js                        [39m[1m[2m   29.29 kB[22m[1m[22m[2m │ gzip:  10.52 kB[22m
[2mdist/[22m[36massets/gitGraphDiagram-UUTBAWPF-BnAglUcT.js      [39m[1m[2m   29.48 kB[22m[1m[22m[2m │ gzip:   8.73 kB[22m
[2mdist/[22m[36massets/timeline-definition-GMOUNBTQ-DE4DEZQK.js  [39m[1m[2m   30.83 kB[22m[1m[22m[2m │ gzip:  10.15 kB[22m
[2mdist/[22m[36massets/requirementDiagram-MS252O5E-CUW_cPbp.js   [39m[1m[2m   31.00 kB[22m[1m[22m[2m │ gzip:   9.74 kB[22m
[2mdist/[22m[36massets/quadrantDiagram-34T5L4WZ-BVaYNscZ.js      [39m[1m[2m   33.84 kB[22m[1m[22m[2m │ gzip:   9.95 kB[22m
[2mdist/[22m[36massets/chunk-OYMX7WX6-CuPZG7fH.js                [39m[1m[2m   36.98 kB[22m[1m[22m[2m │ gzip:  12.04 kB[22m
[2mdist/[22m[36massets/xychartDiagram-5P7HB3ND-CeiS_ft1.js       [39m[1m[2m   40.39 kB[22m[1m[22m[2m │ gzip:  11.56 kB[22m
[2mdist/[22m[36massets/vennDiagram-DHZGUBPP-Def2GMny.js          [39m[1m[2m   41.43 kB[22m[1m[22m[2m │ gzip:  15.47 kB[22m
[2mdist/[22m[36massets/chunk-4TB4RGXK-BOOrvxrO.js                [39m[1m[2m   47.24 kB[22m[1m[22m[2m │ gzip:  15.13 kB[22m
[2mdist/[22m[36massets/flowDiagram-DWJPFMVM-BhYzDGzz.js          [39m[1m[2m   60.50 kB[22m[1m[22m[2m │ gzip:  19.37 kB[22m
[2mdist/[22m[36massets/ganttDiagram-T4ZO3ILL-B4CtQxaI.js         [39m[1m[2m   69.43 kB[22m[1m[22m[2m │ gzip:  23.41 kB[22m
[2mdist/[22m[36massets/c4Diagram-AHTNJAMY-lJX2yvqn.js            [39m[1m[2m   69.94 kB[22m[1m[22m[2m │ gzip:  19.63 kB[22m
[2mdist/[22m[36massets/blockDiagram-DXYQGD6D-BJ9gCbeF.js         [39m[1m[2m   70.93 kB[22m[1m[22m[2m │ gzip:  20.25 kB[22m
[2mdist/[22m[36massets/cose-bilkent-S5V4N54A-Cp5spYVP.js         [39m[1m[2m   81.70 kB[22m[1m[22m[2m │ gzip:  22.47 kB[22m
[2mdist/[22m[36massets/sequenceDiagram-FGHM5R23-Du4ZBk-_.js      [39m[1m[2m  116.63 kB[22m[1m[22m[2m │ gzip:  30.94 kB[22m
[2mdist/[22m[36massets/architectureDiagram-Q4EWVU46-zwtkhFJ_.js  [39m[1m[2m  149.40 kB[22m[1m[22m[2m │ gzip:  42.20 kB[22m
[2mdist/[22m[36massets/cytoscape.esm-BM_eiZzj.js                 [39m[1m[2m  442.57 kB[22m[1m[22m[2m │ gzip: 141.99 kB[22m
[2mdist/[22m[36massets/wardley-RL74JXVD-CQnKxwQn.js              [39m[1m[2m  493.15 kB[22m[1m[22m[2m │ gzip: 110.31 kB[22m
[2mdist/[22m[36massets/mermaid.core-B-etL0qB.js                  [39m[1m[33m  601.87 kB[39m[22m[2m │ gzip: 146.03 kB[22m
[2mdist/[22m[36massets/index-o7O7f0UN.js                         [39m[1m[33m1,447.19 kB[39m[22m[2m │ gzip: 463.36 kB[22m
[32m✓ built in 16.39s[39m
